---
source: src/rtc/input.rs
expression: bytes
---
[
    2,
    0,
    239,
    190,
    173,
    222,
    0,
    0,
    0,
    0,
    192,
    135,
    195,
    64,
    1,
    0,
    255,
    255,
    255,
    127,
    1,
    128,
    1,
    128,
    255,
    127,
    255,
    255,
    255,
    255,
    1,
    0,
    0,
    0,
    0,
    0,
    0,
    1,
]
